SKIPPED: General - Background & Relationships
SKIPPED: General - Family Dynamics & Relationships (Part 1)
SKIPPED: General - Family Dynamics & Relationships (Part 2)
SKIPPED: General - Biology & Physiology
SKIPPED: General - LSE & Universal Rules
SKIPPED: General - Intimacy Register & Family Dynamics
SKIPPED: General - Intimacy Scene Tone Rules
SKIPPED: Douglas Children (Malachia, Noah) - Behavior & Protective Instincts
SKIPPED: General - Relationships & Dynamics
SKIPPED: General - Equipment & Possessions
SKIPPED: NPC Profile — Los Angeles Underworld Figures
SKIPPED: NPC Profile — Ancient Reincarnations and Guardians
SKIPPED: General - LSE & Universal Rules (Part 1)
SKIPPED: General - LSE & Universal Rules (Part 2)
SKIPPED: General - LSE & Universal Rules (Part 3)
SKIPPED: General - LSE & Universal Rules (Part 4)
SKIPPED: General - NSFW Framework & Intimacy Profiles
SKIPPED: General - Intimacy Rules & Restrictions
SKIPPED: General - Hard Limits & Kinks
SKIPPED: General - Intimacy Profile Substrate Rules
SKIPPED: General - Physical Dyad & Embodiment Rules
SKIPPED: General - Tier 3 Intimacy Register Structure
SKIPPED: General - Register Category Label
SKIPPED: General - Cross-Reference Verification Status
SKIPPED: General - Intimate Scene Description
SKIPPED: General - Intimacy Register & Scenes
SKIPPED: General - Intimacy Profiles & Protocols
SKIPPED: General - Intimate Dyads & Embodiment
SKIPPED: General - Intimacy Profile System Rules
SKIPPED: General - Intimacy System Structure
SKIPPED: General - Intimacy Registers & Rules
SKIPPED: General - NSFW
SKIPPED: General - Intimacy & Kink Mechanics (Part 1)
SKIPPED: General - Intimacy & Kink Mechanics (Part 2)
SKIPPED: General - Intimate Scene Guidelines
SKIPPED: General - Intimate Scene Types
SKIPPED: General - Intimate Scenes & Positioning
SKIPPED: General - Intimacy Scene Rules & Prohibitions
SKIPPED: General - Intimacy Profile Structure & Requirements
SKIPPED: General - Kinks & Preferences
SKIPPED: General - Biology
SKIPPED: General - Intimate Vocalization Patterns
SKIPPED: General - Intimacy Pairing Guidelines
SKIPPED: General - LSE & Intimacy System Mechanics
SKIPPED: General - Intimacy System & Authoring Rules
SKIPPED: General - Heat & Rut Biology
SKIPPED: LSE Succession — The Call of the Pack
SKIPPED: LSE Reproduction
SKIPPED: LSE Procreation Capability
SKIPPED: LSE Core Terminology
SKIPPED: Ω Omega — The Emotional Regulator
SKIPPED: Succession: The Call of the Pack
SKIPPED: Tier 2 — Permanent Substrate (characters and NPCs)
SKIPPED: Tier 3 — Register (arc mode: per-arc deltas / sandbox mode: single standing register)
SKIPPED: NPC_INTIMACY_SCARLETT
SKIPPED: NPC_INTIMACY_GENERIC_COLLEGE
SKIPPED: User_INTIMACY_BASELINE
SKIPPED: User_TRAUMA_MAP
SKIPPED: User_BODY_REACTIONS
SKIPPED: User_VULNERABILITY_SHAPE
SKIPPED: User_VOICE_IN_INTIMACY
SKIPPED: User_HARD_LIMITS_AND_HARD_YESES
SKIPPED: User_AFTERMATH
SKIPPED: INTIMACY_FUNCTION_Arc1
SKIPPED: INTIMATE_SCENE_TYPES_Arc1
SKIPPED: INTIMATE_HARD_RULES_Arc1
SKIPPED: USER_INTIMATE_REGISTER_Arc1
SKIPPED: INTIMACY_FUNCTION_Arc2
SKIPPED: INTIMATE_SCENE_TYPES_Arc2
SKIPPED: INTIMATE_HARD_RULES_Arc2
SKIPPED: USER_INTIMATE_REGISTER_Arc2
SKIPPED: INTIMACY_FUNCTION_Arc3
SKIPPED: User_INTIMATE_REGISTER_Arc3
SKIPPED: INTIMATE_SCENE_TYPES_Arc3
SKIPPED: INTIMATE_HARD_RULES_Arc3
SKIPPED: INTIMACY_FUNCTION_Arc4
SKIPPED: INTIMATE_SCENE_TYPES_Arc4
SKIPPED: INTIMATE_HARD_RULES_Arc4
SKIPPED: INTIMACY_FUNCTION_Arc5
SKIPPED: INTIMATE_SCENE_TYPES_Arc5
SKIPPED: INTIMATE_HARD_RULES_Arc5
SKIPPED: INTIMACY_FUNCTION_Arc6
SKIPPED: INTIMATE_SCENE_TYPES_Arc6
SKIPPED: INTIMATE_HARD_RULES_Arc6
SKIPPED: General - LSE & Universal Rules (Part 33)
SKIPPED: General - LSE & Universal Rules (Part 34)
SKIPPED: Char: Alyssa (NSFW)
SKIPPED: Char: Alyssa (NSFW)
SKIPPED: Character: Alyssa (Personality & Mind)
SKIPPED: Character: Alyssa (Background & Lore)
SKIPPED: Character: Alyssa (Dialogue & Habits)
SKIPPED: Character: Alyssa (Style & Social)
SKIPPED: Character: Alyssa (NSFW) (Patched: Strict Triggers)
SKIPPED: Character: Malachia (Personality & Mind)
SKIPPED: Character: Malachia (Background & Lore)
SKIPPED: Character: Malachia (Dialogue & Habits)
SKIPPED: Character: Malachia (NSFW) (Patched: Strict Triggers)
SKIPPED: Character: Noah (Personality & Mind)
SKIPPED: Character: Noah (Background & Lore)
SKIPPED: Character: Noah (Dialogue & Habits)
SKIPPED: Character: Noah (NSFW) (Patched: Strict Triggers)
SKIPPED: Character: Jasper (Personality & Mind)
SKIPPED: Character: Jasper (Background & Lore)
SKIPPED: Character: Jasper (Style & Social)
SKIPPED: Character: Jasper (System Directives & Mechanics)
SKIPPED: Character: Jasper (NSFW & Intimacy) (Patched: Strict Triggers)
SKIPPED: Character: Erik (Personality & Mind)
SKIPPED: Character: Erik (Background & Lore)
SKIPPED: Character: Erik (Dialogue & Habits)
SKIPPED: Character: Logan (Personality & Mind)
SKIPPED: Character: Logan (Background & Lore)
SKIPPED: Character: Logan (Dialogue & Habits)
SKIPPED: Character: Logan (System Directives)
SKIPPED: Character: Logan (NSFW) (Patched: Strict Triggers)
SKIPPED: Character: Wulfnic (Personality & Mind)
SKIPPED: Character: Wulfnic (Background & Lore)
SKIPPED: Character: Wulfnic (Dialogue & Habits)
SKIPPED: Character: Kaladin (Physical & Mind)
SKIPPED: Character: Kaladin (Ties & Lore)
SKIPPED: Character: Marcus (Base)
SKIPPED: Character: Marcus (Physical & Mind)
SKIPPED: Character: Marcus (Ties & Lore)
SKIPPED: Character: Sierra (Physical & Mind)
SKIPPED: Character: Sierra (Ties & Lore)
SKIPPED: Character: Angel Moreno (Base)
SKIPPED: Character: Angel Moreno (Physical)
SKIPPED: Character: Angel Moreno (Mind & Lore)
SKIPPED: Character: Edric Douglas (Summary)
SKIPPED: Character: Nixara Bloodmoon (The Ghost)
SKIPPED: Character: Dr. Aris Thorne (Summary)
SKIPPED: Char: Alyssa (NSFW)
SKIPPED: Protected Omega heir (Patched: Base Profile)
SKIPPED: NSFW details (Patched: Strict Triggers)
SKIPPED: Rebel twin and hacker (Patched: Base Profile)
SKIPPED: NSFW details (Patched: Strict Triggers)
SKIPPED: Eldest brother and physical shield (Patched: Base Profile)
SKIPPED: NSFW details (Patched: Strict Triggers)
SKIPPED: Second son and PR strategist (Patched: Base Profile)
SKIPPED: NSFW details (Patched: Strict Triggers)
SKIPPED: Pack patriarch and CEO (Patched: Base Profile)
SKIPPED: Ancient Enigma patriarch (Patched: Base Profile)
SKIPPED: Estranged brother and safe haven (Patched: Base Profile)
SKIPPED: NSFW details (Patched: Strict Triggers)
SKIPPED: Ancient vampire fashion patron
SKIPPED: Deceased matriarch
SKIPPED: Cryptid collector and hunter
SKIPPED: Human art collector and crime lord
SKIPPED: Leader of The Sinners syndicate
SKIPPED: Lust of the Sinners
SKIPPED: Greed of the Sinners
SKIPPED: Envy of the Sinners
SKIPPED: Gluttony of the Sinners
SKIPPED: Sloth of the Sinners
SKIPPED: Wrath of the Sinners
SKIPPED: Veteran human fixer and driver
SKIPPED: Werewolf enforcer for Ballantine
SKIPPED: Dragon crime lord and CEO
SKIPPED: Dhampir drug dealer and ward
SKIPPED: SUCC student and stoner geek
SKIPPED: Arctic wolf demihuman hockey player
SKIPPED: Keyboardist and drug dealer
SKIPPED: Transmasc vampire lead singer
SKIPPED: Former lab subject dog demihuman
SKIPPED: Gentle incubus football player
SKIPPED: Strict veteran father and teacher
SKIPPED: Half-minotaur coach and father
SKIPPED: Vax broker and faction leader
SKIPPED: Psionic mentor and Arcadia Alpha
SKIPPED: Alpha of Paradise East
SKIPPED: Alpha of Paradise West
SKIPPED: Spirit hunter and paranormal student
SKIPPED: Controller of Oldtown Solarton
SKIPPED: Controller of Ironworks Solarton
SKIPPED: Controller of Dockside Solarton
SKIPPED: Spokesperson for solitary wolves
SKIPPED: Anthropomorphic shark roommate (candidate)
SKIPPED: Virtual SUCC student (candidate)
SKIPPED: Genderfluid rebel alpha (candidate)
SKIPPED: Sea dragon demihuman CEO
SKIPPED: Wolf demihuman MMA fighter
SKIPPED: Wolf shifter hockey player
SKIPPED: Australian Cattle Dog demihuman
SKIPPED: Brown Hare demi-human spirit-seer
SKIPPED: Yoruba demigod with vendetta
SKIPPED: Mute half-eel demihuman sniper
SKIPPED: Mac's protective older sister
SKIPPED: Cheerleader and biomedical engineer
SKIPPED: Dog demihuman CS student
SKIPPED: Dragon demihuman football player
SKIPPED: NSFW details (Patched: Strict Triggers)
SKIPPED: NSFW details (Patched: Strict Triggers)
SKIPPED: NSFW details (Patched: Strict Triggers)
SKIPPED: NSFW details (Patched: Strict Triggers)
SKIPPED: NSFW details (Patched: Strict Triggers)
SKIPPED: NSFW details (Patched: Strict Triggers)
SKIPPED: NSFW details (Patched: Strict Triggers)
SKIPPED: NSFW details (Patched: Strict Triggers)
SKIPPED: NSFW details (Patched: Strict Triggers)
SKIPPED: NSFW details (Patched: Strict Triggers)
SKIPPED: Lore/Psychology for Alyssa (Patched: Split)
SKIPPED: Lore/Psychology for Jasper (Patched: Split)
SKIPPED: Lore/Psychology for Malachia (Patched: Split)
SKIPPED: Lore/Psychology for Noah (Patched: Split)
SKIPPED: Lore/Psychology for Erik (Patched: Split)
SKIPPED: Lore/Psychology for Wulfnic (Patched: Split)
SKIPPED: Lore/Psychology for Logan (Patched: Split)
SKIPPED: Char: Alyssa (NSFW)
